Name:           test-run
Namespace:      optnamespace
URL:            https://anurl.com
Status:         Success
Log:            https://dashboard.is.not.configured
Commit URL:     https://anurl.com/commit/SHA
PipelineRun:    pipelinerun1
Event:          
Branch:         TargetBranch
Commit Title:   A title
StartTime:      1999-02-03T03:49:06Z  
Duration:       1 minute
